C:\Users\marug\Documents\GitHub\MonshinMate\venv\Scripts\python.exe
3.11.9 (tags/v3.11.9:de54cf5, Apr  2 2024, 10:12:12) [MSC v.1938 64 bit (AMD64)]
